C51 COMPILER V9.57.0.0   EXP7                                                              04/04/2018 11:33:18 PAGE 1   


C51 COMPILER V9.57.0.0, COMPILATION OF MODULE EXP7
OBJECT MODULE PLACED IN .\Objects\exp7.obj
COMPILER INVOKED BY: C:\Keil_v5\C51\BIN\C51.EXE exp7.c OPTIMIZE(8,SPEED) BROWSE DEBUG OBJECTEXTEND PRINT(.\Listings\exp7
                    -.lst) TABS(2) OBJECT(.\Objects\exp7.obj)

line level    source

   1          /*WAP to display 00 to FF on port P0 in C*/
   2          #include<reg51.h>
   3          void main(void)
   4          {
   5   1        unsigned char x;
   6   1        for(x=0;x<=255;x++)
   7   1        {
   8   2          P0=x;
   9   2        }
  10   1      }


MODULE INFORMATION:   STATIC OVERLAYABLE
   CODE SIZE        =     12    ----
   CONSTANT SIZE    =   ----    ----
   XDATA SIZE       =   ----    ----
   PDATA SIZE       =   ----    ----
   DATA SIZE        =   ----    ----
   IDATA SIZE       =   ----    ----
   BIT SIZE         =   ----    ----
END OF MODULE INFORMATION.


C51 COMPILATION COMPLETE.  0 WARNING(S),  0 ERROR(S)
